Reading netlist file: "D:\Codes\VHDL\Gowin\VBC-1\impl\gwsynthesis\VBC-1.vg"
Parsing netlist file "D:\Codes\VHDL\Gowin\VBC-1\impl\gwsynthesis\VBC-1.vg" completed
Processing netlist completed
Reading constraint file: "D:\Codes\VHDL\Gowin\VBC-1\src\VBC-1.cst"
Physical Constraint parsed completed
Running placement......
[10%] Placement Phase 0 completed
[20%] Placement Phase 1 completed
[30%] Placement Phase 2 completed
WARN  (TA1132) :  'CLK_Nano' was determined to be a clock but was not created.
WARN  (TA1132) :  'CLK_BTN' was determined to be a clock but was not created.
[50%] Placement Phase 3 completed
Running routing......
[60%] Routing Phase 0 completed
[70%] Routing Phase 1 completed
[80%] Routing Phase 2 completed
[90%] Routing Phase 3 completed
Running timing analysis......
[95%] Timing analysis completed
Placement and routing completed
Bitstream generation in progress......
Bitstream generation completed
Running power analysis......
[100%] Power analysis completed
Generate file "D:\Codes\VHDL\Gowin\VBC-1\impl\pnr\VBC-1.power.html" completed
Generate file "D:\Codes\VHDL\Gowin\VBC-1\impl\pnr\VBC-1.pin.html" completed
Generate file "D:\Codes\VHDL\Gowin\VBC-1\impl\pnr\VBC-1.rpt.html" completed
Generate file "D:\Codes\VHDL\Gowin\VBC-1\impl\pnr\VBC-1.rpt.txt" completed
Generate file "D:\Codes\VHDL\Gowin\VBC-1\impl\pnr\VBC-1.tr.html" completed
Sat Aug 29 10:20:31 2026

